[2026-03-26T10:10:20.437Z] wards-post: error: column e.zone_id does not exist
    at D:\HumanMatrixSolutions\MatrixTrack\attendease-backend\node_modules\pg-pool\index.js:45:11
    at process.processTicksAndRejections (node:internal/process/task_queues:105:5)
    at async fetchSupervisorEmployees (D:\HumanMatrixSolutions\MatrixTrack\attendease-backend\routes\appRoutes\supervisorsWard.js:541:18)
    at async D:\HumanMatrixSolutions\MatrixTrack\attendease-backend\routes\appRoutes\supervisorsWard.js:1168:22
[2026-03-26T10:10:20.622Z] wards-post: error: column e.zone_id does not exist
    at D:\HumanMatrixSolutions\MatrixTrack\attendease-backend\node_modules\pg-pool\index.js:45:11
    at process.processTicksAndRejections (node:internal/process/task_queues:105:5)
    at async fetchSupervisorEmployees (D:\HumanMatrixSolutions\MatrixTrack\attendease-backend\routes\appRoutes\supervisorsWard.js:541:18)
    at async D:\HumanMatrixSolutions\MatrixTrack\attendease-backend\routes\appRoutes\supervisorsWard.js:1168:22
[2026-03-26T10:10:20.647Z] wards-post: error: column e.zone_id does not exist
    at D:\HumanMatrixSolutions\MatrixTrack\attendease-backend\node_modules\pg-pool\index.js:45:11
    at process.processTicksAndRejections (node:internal/process/task_queues:105:5)
    at async fetchSupervisorEmployees (D:\HumanMatrixSolutions\MatrixTrack\attendease-backend\routes\appRoutes\supervisorsWard.js:541:18)
    at async D:\HumanMatrixSolutions\MatrixTrack\attendease-backend\routes\appRoutes\supervisorsWard.js:1168:22
[2026-03-26T10:10:20.989Z] wards-post: error: column e.zone_id does not exist
    at D:\HumanMatrixSolutions\MatrixTrack\attendease-backend\node_modules\pg-pool\index.js:45:11
    at process.processTicksAndRejections (node:internal/process/task_queues:105:5)
    at async fetchSupervisorEmployees (D:\HumanMatrixSolutions\MatrixTrack\attendease-backend\routes\appRoutes\supervisorsWard.js:541:18)
    at async D:\HumanMatrixSolutions\MatrixTrack\attendease-backend\routes\appRoutes\supervisorsWard.js:1168:22
[2026-03-27T07:45:21.709Z] wards-post: Error: Connection terminated due to connection timeout
    at C:\Users\hmsmi\Downloads\apricity-matrixtrack-project\matrixtrack-backend\node_modules\pg-pool\index.js:45:11
    at process.processTicksAndRejections (node:internal/process/task_queues:105:5)
    at async fetchSupervisorEmployees (C:\Users\hmsmi\Downloads\apricity-matrixtrack-project\matrixtrack-backend\routes\appRoutes\supervisorsWard.js:543:18)
    at async C:\Users\hmsmi\Downloads\apricity-matrixtrack-project\matrixtrack-backend\routes\appRoutes\supervisorsWard.js:1170:22
[2026-03-31T07:30:55.125Z] wards-post: error: canceling statement due to statement timeout
    at C:\Users\hmsmi\Downloads\apricity-matrixtrack-project\matrixtrack-backend\node_modules\pg-pool\index.js:45:11
    at process.processTicksAndRejections (node:internal/process/task_queues:105:5)
    at async fetchSupervisorEmployees (C:\Users\hmsmi\Downloads\apricity-matrixtrack-project\matrixtrack-backend\routes\appRoutes\supervisorsWard.js:548:18)
    at async C:\Users\hmsmi\Downloads\apricity-matrixtrack-project\matrixtrack-backend\routes\appRoutes\supervisorsWard.js:1176:22
[2026-03-31T07:30:56.108Z] wards-post: error: canceling statement due to statement timeout
    at C:\Users\hmsmi\Downloads\apricity-matrixtrack-project\matrixtrack-backend\node_modules\pg-pool\index.js:45:11
    at process.processTicksAndRejections (node:internal/process/task_queues:105:5)
    at async fetchSupervisorEmployees (C:\Users\hmsmi\Downloads\apricity-matrixtrack-project\matrixtrack-backend\routes\appRoutes\supervisorsWard.js:548:18)
    at async C:\Users\hmsmi\Downloads\apricity-matrixtrack-project\matrixtrack-backend\routes\appRoutes\supervisorsWard.js:1176:22
[2026-03-31T07:30:56.169Z] wards-post: error: canceling statement due to statement timeout
    at C:\Users\hmsmi\Downloads\apricity-matrixtrack-project\matrixtrack-backend\node_modules\pg-pool\index.js:45:11
    at process.processTicksAndRejections (node:internal/process/task_queues:105:5)
    at async fetchSupervisorEmployees (C:\Users\hmsmi\Downloads\apricity-matrixtrack-project\matrixtrack-backend\routes\appRoutes\supervisorsWard.js:548:18)
    at async C:\Users\hmsmi\Downloads\apricity-matrixtrack-project\matrixtrack-backend\routes\appRoutes\supervisorsWard.js:1176:22
[2026-03-31T07:30:56.417Z] wards-post: error: canceling statement due to statement timeout
    at C:\Users\hmsmi\Downloads\apricity-matrixtrack-project\matrixtrack-backend\node_modules\pg-pool\index.js:45:11
    at process.processTicksAndRejections (node:internal/process/task_queues:105:5)
    at async fetchSupervisorEmployees (C:\Users\hmsmi\Downloads\apricity-matrixtrack-project\matrixtrack-backend\routes\appRoutes\supervisorsWard.js:548:18)
    at async C:\Users\hmsmi\Downloads\apricity-matrixtrack-project\matrixtrack-backend\routes\appRoutes\supervisorsWard.js:1176:22
[2026-04-01T05:02:33.612Z] wards-post: error: canceling statement due to statement timeout
    at C:\Users\hmsmi\Downloads\apricity-matrixtrack-project\matrixtrack-backend\node_modules\pg-pool\index.js:45:11
    at process.processTicksAndRejections (node:internal/process/task_queues:105:5)
    at async fetchSupervisorEmployees (C:\Users\hmsmi\Downloads\apricity-matrixtrack-project\matrixtrack-backend\routes\appRoutes\supervisorsWard.js:548:18)
    at async C:\Users\hmsmi\Downloads\apricity-matrixtrack-project\matrixtrack-backend\routes\appRoutes\supervisorsWard.js:1176:22
[2026-04-02T05:19:30.926Z] wards-post: error: canceling statement due to statement timeout
    at C:\Users\hmsmi\Downloads\apricity-matrixtrack-project\matrixtrack-backend\node_modules\pg-pool\index.js:45:11
    at process.processTicksAndRejections (node:internal/process/task_queues:105:5)
    at async fetchSupervisorEmployees (C:\Users\hmsmi\Downloads\apricity-matrixtrack-project\matrixtrack-backend\routes\appRoutes\supervisorsWard.js:548:18)
    at async C:\Users\hmsmi\Downloads\apricity-matrixtrack-project\matrixtrack-backend\routes\appRoutes\supervisorsWard.js:1176:22
[2026-04-02T07:36:38.791Z] city-summary: error: canceling statement due to statement timeout
    at C:\Users\hmsmi\Downloads\apricity-matrixtrack-project\matrixtrack-backend\node_modules\pg-pool\index.js:45:11
    at process.processTicksAndRejections (node:internal/process/task_queues:105:5)
    at async fetchCitySummary (C:\Users\hmsmi\Downloads\apricity-matrixtrack-project\matrixtrack-backend\routes\appRoutes\supervisorsWard.js:624:18)
    at async C:\Users\hmsmi\Downloads\apricity-matrixtrack-project\matrixtrack-backend\routes\appRoutes\supervisorsWard.js:967:21
[2026-04-02T07:36:43.637Z] city-summary: error: canceling statement due to statement timeout
    at C:\Users\hmsmi\Downloads\apricity-matrixtrack-project\matrixtrack-backend\node_modules\pg-pool\index.js:45:11
    at process.processTicksAndRejections (node:internal/process/task_queues:105:5)
    at async fetchCitySummary (C:\Users\hmsmi\Downloads\apricity-matrixtrack-project\matrixtrack-backend\routes\appRoutes\supervisorsWard.js:624:18)
    at async C:\Users\hmsmi\Downloads\apricity-matrixtrack-project\matrixtrack-backend\routes\appRoutes\supervisorsWard.js:967:21
[2026-04-03T05:41:49.907Z] wards-post: error: canceling statement due to statement timeout
    at /Users/Developer/insstanto/MatrixTrack/AttendEaseBackend/node_modules/pg-pool/index.js:45:11
    at process.processTicksAndRejections (node:internal/process/task_queues:95:5)
    at async fetchSupervisorEmployees (/Users/Developer/insstanto/MatrixTrack/AttendEaseBackend/routes/appRoutes/supervisorsWard.js:548:18)
    at async /Users/Developer/insstanto/MatrixTrack/AttendEaseBackend/routes/appRoutes/supervisorsWard.js:1176:22
[2026-05-27T12:09:53.228Z] wards-post: error: canceling statement due to statement timeout
    at C:\Users\HP\Downloads\Matrix Track Project -april\matrixtrack-backend\node_modules\pg-pool\index.js:45:11
    at process.processTicksAndRejections (node:internal/process/task_queues:95:5)
    at async fetchSupervisorEmployees (C:\Users\HP\Downloads\Matrix Track Project -april\matrixtrack-backend\routes\appRoutes\supervisorsWard.js:567:18)
    at async C:\Users\HP\Downloads\Matrix Track Project -april\matrixtrack-backend\routes\appRoutes\supervisorsWard.js:1236:22
[2026-05-27T12:09:53.509Z] wards-post: error: canceling statement due to statement timeout
    at C:\Users\HP\Downloads\Matrix Track Project -april\matrixtrack-backend\node_modules\pg-pool\index.js:45:11
    at process.processTicksAndRejections (node:internal/process/task_queues:95:5)
    at async fetchSupervisorEmployees (C:\Users\HP\Downloads\Matrix Track Project -april\matrixtrack-backend\routes\appRoutes\supervisorsWard.js:567:18)
    at async C:\Users\HP\Downloads\Matrix Track Project -april\matrixtrack-backend\routes\appRoutes\supervisorsWard.js:1236:22
[2026-05-27T12:09:56.682Z] wards-post: error: canceling statement due to statement timeout
    at C:\Users\HP\Downloads\Matrix Track Project -april\matrixtrack-backend\node_modules\pg-pool\index.js:45:11
    at process.processTicksAndRejections (node:internal/process/task_queues:95:5)
    at async fetchSupervisorEmployees (C:\Users\HP\Downloads\Matrix Track Project -april\matrixtrack-backend\routes\appRoutes\supervisorsWard.js:567:18)
    at async C:\Users\HP\Downloads\Matrix Track Project -april\matrixtrack-backend\routes\appRoutes\supervisorsWard.js:1236:22
[2026-05-27T12:10:09.179Z] wards-post: error: canceling statement due to statement timeout
    at C:\Users\HP\Downloads\Matrix Track Project -april\matrixtrack-backend\node_modules\pg-pool\index.js:45:11
    at process.processTicksAndRejections (node:internal/process/task_queues:95:5)
    at async fetchSupervisorEmployees (C:\Users\HP\Downloads\Matrix Track Project -april\matrixtrack-backend\routes\appRoutes\supervisorsWard.js:567:18)
    at async C:\Users\HP\Downloads\Matrix Track Project -april\matrixtrack-backend\routes\appRoutes\supervisorsWard.js:1236:22
[2026-05-27T12:10:10.149Z] wards-post: error: canceling statement due to statement timeout
    at C:\Users\HP\Downloads\Matrix Track Project -april\matrixtrack-backend\node_modules\pg-pool\index.js:45:11
    at process.processTicksAndRejections (node:internal/process/task_queues:95:5)
    at async fetchSupervisorEmployees (C:\Users\HP\Downloads\Matrix Track Project -april\matrixtrack-backend\routes\appRoutes\supervisorsWard.js:567:18)
    at async C:\Users\HP\Downloads\Matrix Track Project -april\matrixtrack-backend\routes\appRoutes\supervisorsWard.js:1236:22
[2026-05-28T09:14:14.116Z] city-summary: error: bind message supplies 6 parameters, but prepared statement "" requires 4
    at C:\Users\HP\Downloads\Matrix Track Project -april\matrixtrack-backend\node_modules\pg-pool\index.js:45:11
    at process.processTicksAndRejections (node:internal/process/task_queues:95:5)
    at async fetchCitySummary (C:\Users\HP\Downloads\Matrix Track Project -april\matrixtrack-backend\routes\appRoutes\supervisorsWard.js:659:18)
    at async C:\Users\HP\Downloads\Matrix Track Project -april\matrixtrack-backend\routes\appRoutes\supervisorsWard.js:1030:21
[2026-05-28T09:14:14.331Z] city-summary: error: bind message supplies 6 parameters, but prepared statement "" requires 4
    at C:\Users\HP\Downloads\Matrix Track Project -april\matrixtrack-backend\node_modules\pg-pool\index.js:45:11
    at process.processTicksAndRejections (node:internal/process/task_queues:95:5)
    at async fetchCitySummary (C:\Users\HP\Downloads\Matrix Track Project -april\matrixtrack-backend\routes\appRoutes\supervisorsWard.js:659:18)
    at async C:\Users\HP\Downloads\Matrix Track Project -april\matrixtrack-backend\routes\appRoutes\supervisorsWard.js:1030:21
[2026-05-28T09:14:15.020Z] city-summary: error: bind message supplies 6 parameters, but prepared statement "" requires 4
    at C:\Users\HP\Downloads\Matrix Track Project -april\matrixtrack-backend\node_modules\pg-pool\index.js:45:11
    at process.processTicksAndRejections (node:internal/process/task_queues:95:5)
    at async fetchCitySummary (C:\Users\HP\Downloads\Matrix Track Project -april\matrixtrack-backend\routes\appRoutes\supervisorsWard.js:659:18)
    at async C:\Users\HP\Downloads\Matrix Track Project -april\matrixtrack-backend\routes\appRoutes\supervisorsWard.js:1030:21
[2026-05-28T09:14:15.077Z] city-summary: error: bind message supplies 6 parameters, but prepared statement "" requires 4
    at C:\Users\HP\Downloads\Matrix Track Project -april\matrixtrack-backend\node_modules\pg-pool\index.js:45:11
    at process.processTicksAndRejections (node:internal/process/task_queues:95:5)
    at async fetchCitySummary (C:\Users\HP\Downloads\Matrix Track Project -april\matrixtrack-backend\routes\appRoutes\supervisorsWard.js:659:18)
    at async C:\Users\HP\Downloads\Matrix Track Project -april\matrixtrack-backend\routes\appRoutes\supervisorsWard.js:1030:21
[2026-05-28T09:14:15.345Z] city-summary: error: bind message supplies 6 parameters, but prepared statement "" requires 4
    at C:\Users\HP\Downloads\Matrix Track Project -april\matrixtrack-backend\node_modules\pg-pool\index.js:45:11
    at process.processTicksAndRejections (node:internal/process/task_queues:95:5)
    at async fetchCitySummary (C:\Users\HP\Downloads\Matrix Track Project -april\matrixtrack-backend\routes\appRoutes\supervisorsWard.js:659:18)
    at async C:\Users\HP\Downloads\Matrix Track Project -april\matrixtrack-backend\routes\appRoutes\supervisorsWard.js:1030:21
[2026-05-28T09:14:16.910Z] city-summary: error: bind message supplies 6 parameters, but prepared statement "" requires 4
    at C:\Users\HP\Downloads\Matrix Track Project -april\matrixtrack-backend\node_modules\pg-pool\index.js:45:11
    at process.processTicksAndRejections (node:internal/process/task_queues:95:5)
    at async fetchCitySummary (C:\Users\HP\Downloads\Matrix Track Project -april\matrixtrack-backend\routes\appRoutes\supervisorsWard.js:659:18)
    at async C:\Users\HP\Downloads\Matrix Track Project -april\matrixtrack-backend\routes\appRoutes\supervisorsWard.js:1030:21
[2026-05-28T09:14:18.790Z] city-summary: error: bind message supplies 6 parameters, but prepared statement "" requires 4
    at C:\Users\HP\Downloads\Matrix Track Project -april\matrixtrack-backend\node_modules\pg-pool\index.js:45:11
    at process.processTicksAndRejections (node:internal/process/task_queues:95:5)
    at async fetchCitySummary (C:\Users\HP\Downloads\Matrix Track Project -april\matrixtrack-backend\routes\appRoutes\supervisorsWard.js:659:18)
    at async C:\Users\HP\Downloads\Matrix Track Project -april\matrixtrack-backend\routes\appRoutes\supervisorsWard.js:1030:21
[2026-05-28T09:14:44.311Z] city-summary: error: bind message supplies 6 parameters, but prepared statement "" requires 4
    at C:\Users\HP\Downloads\Matrix Track Project -april\matrixtrack-backend\node_modules\pg-pool\index.js:45:11
    at process.processTicksAndRejections (node:internal/process/task_queues:95:5)
    at async fetchCitySummary (C:\Users\HP\Downloads\Matrix Track Project -april\matrixtrack-backend\routes\appRoutes\supervisorsWard.js:659:18)
    at async C:\Users\HP\Downloads\Matrix Track Project -april\matrixtrack-backend\routes\appRoutes\supervisorsWard.js:1030:21
[2026-05-28T09:14:44.594Z] city-summary: error: bind message supplies 6 parameters, but prepared statement "" requires 4
    at C:\Users\HP\Downloads\Matrix Track Project -april\matrixtrack-backend\node_modules\pg-pool\index.js:45:11
    at process.processTicksAndRejections (node:internal/process/task_queues:95:5)
    at async fetchCitySummary (C:\Users\HP\Downloads\Matrix Track Project -april\matrixtrack-backend\routes\appRoutes\supervisorsWard.js:659:18)
    at async C:\Users\HP\Downloads\Matrix Track Project -april\matrixtrack-backend\routes\appRoutes\supervisorsWard.js:1030:21
[2026-05-28T09:14:44.694Z] city-summary: error: bind message supplies 6 parameters, but prepared statement "" requires 4
    at C:\Users\HP\Downloads\Matrix Track Project -april\matrixtrack-backend\node_modules\pg-pool\index.js:45:11
    at process.processTicksAndRejections (node:internal/process/task_queues:95:5)
    at async fetchCitySummary (C:\Users\HP\Downloads\Matrix Track Project -april\matrixtrack-backend\routes\appRoutes\supervisorsWard.js:659:18)
    at async C:\Users\HP\Downloads\Matrix Track Project -april\matrixtrack-backend\routes\appRoutes\supervisorsWard.js:1030:21
[2026-05-28T09:15:22.017Z] city-summary: error: bind message supplies 6 parameters, but prepared statement "" requires 4
    at C:\Users\HP\Downloads\Matrix Track Project -april\matrixtrack-backend\node_modules\pg-pool\index.js:45:11
    at process.processTicksAndRejections (node:internal/process/task_queues:95:5)
    at async fetchCitySummary (C:\Users\HP\Downloads\Matrix Track Project -april\matrixtrack-backend\routes\appRoutes\supervisorsWard.js:659:18)
    at async C:\Users\HP\Downloads\Matrix Track Project -april\matrixtrack-backend\routes\appRoutes\supervisorsWard.js:1030:21
[2026-05-28T09:15:22.148Z] city-summary: error: bind message supplies 6 parameters, but prepared statement "" requires 4
    at C:\Users\HP\Downloads\Matrix Track Project -april\matrixtrack-backend\node_modules\pg-pool\index.js:45:11
    at process.processTicksAndRejections (node:internal/process/task_queues:95:5)
    at async fetchCitySummary (C:\Users\HP\Downloads\Matrix Track Project -april\matrixtrack-backend\routes\appRoutes\supervisorsWard.js:659:18)
    at async C:\Users\HP\Downloads\Matrix Track Project -april\matrixtrack-backend\routes\appRoutes\supervisorsWard.js:1030:21
[2026-05-28T09:15:40.713Z] city-summary: error: bind message supplies 6 parameters, but prepared statement "" requires 4
    at C:\Users\HP\Downloads\Matrix Track Project -april\matrixtrack-backend\node_modules\pg-pool\index.js:45:11
    at process.processTicksAndRejections (node:internal/process/task_queues:95:5)
    at async fetchCitySummary (C:\Users\HP\Downloads\Matrix Track Project -april\matrixtrack-backend\routes\appRoutes\supervisorsWard.js:659:18)
    at async C:\Users\HP\Downloads\Matrix Track Project -april\matrixtrack-backend\routes\appRoutes\supervisorsWard.js:1030:21
[2026-05-28T09:15:40.935Z] city-summary: error: bind message supplies 6 parameters, but prepared statement "" requires 4
    at C:\Users\HP\Downloads\Matrix Track Project -april\matrixtrack-backend\node_modules\pg-pool\index.js:45:11
    at process.processTicksAndRejections (node:internal/process/task_queues:95:5)
    at async fetchCitySummary (C:\Users\HP\Downloads\Matrix Track Project -april\matrixtrack-backend\routes\appRoutes\supervisorsWard.js:659:18)
    at async C:\Users\HP\Downloads\Matrix Track Project -april\matrixtrack-backend\routes\appRoutes\supervisorsWard.js:1030:21
[2026-05-28T09:19:31.168Z] city-summary: error: bind message supplies 6 parameters, but prepared statement "" requires 4
    at C:\Users\HP\Downloads\Matrix Track Project -april\matrixtrack-backend\node_modules\pg-pool\index.js:45:11
    at process.processTicksAndRejections (node:internal/process/task_queues:95:5)
    at async fetchCitySummary (C:\Users\HP\Downloads\Matrix Track Project -april\matrixtrack-backend\routes\appRoutes\supervisorsWard.js:659:18)
    at async C:\Users\HP\Downloads\Matrix Track Project -april\matrixtrack-backend\routes\appRoutes\supervisorsWard.js:1030:21
[2026-05-28T09:19:31.566Z] city-summary: error: bind message supplies 6 parameters, but prepared statement "" requires 4
    at C:\Users\HP\Downloads\Matrix Track Project -april\matrixtrack-backend\node_modules\pg-pool\index.js:45:11
    at process.processTicksAndRejections (node:internal/process/task_queues:95:5)
    at async fetchCitySummary (C:\Users\HP\Downloads\Matrix Track Project -april\matrixtrack-backend\routes\appRoutes\supervisorsWard.js:659:18)
    at async C:\Users\HP\Downloads\Matrix Track Project -april\matrixtrack-backend\routes\appRoutes\supervisorsWard.js:1030:21
[2026-05-28T09:19:31.863Z] city-summary: error: bind message supplies 6 parameters, but prepared statement "" requires 4
    at C:\Users\HP\Downloads\Matrix Track Project -april\matrixtrack-backend\node_modules\pg-pool\index.js:45:11
    at process.processTicksAndRejections (node:internal/process/task_queues:95:5)
    at async fetchCitySummary (C:\Users\HP\Downloads\Matrix Track Project -april\matrixtrack-backend\routes\appRoutes\supervisorsWard.js:659:18)
    at async C:\Users\HP\Downloads\Matrix Track Project -april\matrixtrack-backend\routes\appRoutes\supervisorsWard.js:1030:21
[2026-05-28T09:19:33.184Z] city-summary: error: bind message supplies 6 parameters, but prepared statement "" requires 4
    at C:\Users\HP\Downloads\Matrix Track Project -april\matrixtrack-backend\node_modules\pg-pool\index.js:45:11
    at process.processTicksAndRejections (node:internal/process/task_queues:95:5)
    at async fetchCitySummary (C:\Users\HP\Downloads\Matrix Track Project -april\matrixtrack-backend\routes\appRoutes\supervisorsWard.js:659:18)
    at async C:\Users\HP\Downloads\Matrix Track Project -april\matrixtrack-backend\routes\appRoutes\supervisorsWard.js:1030:21
[2026-05-28T09:19:54.423Z] city-summary: error: bind message supplies 6 parameters, but prepared statement "" requires 4
    at C:\Users\HP\Downloads\Matrix Track Project -april\matrixtrack-backend\node_modules\pg-pool\index.js:45:11
    at process.processTicksAndRejections (node:internal/process/task_queues:95:5)
    at async fetchCitySummary (C:\Users\HP\Downloads\Matrix Track Project -april\matrixtrack-backend\routes\appRoutes\supervisorsWard.js:659:18)
    at async C:\Users\HP\Downloads\Matrix Track Project -april\matrixtrack-backend\routes\appRoutes\supervisorsWard.js:1030:21
